// Jest Snapshot v1, https://goo.gl/fbAQLP

exports[`NotFound Component Snapshots Matches the snapshot (with default title) 1`] = `
<div
  className="page"
>
  <div
    className="page notfound jumbotron"
  >
    <h2>
      404 Page not found
    </h2>
    <p>
      The page is not found
    </p>
  </div>
</div>
`;
