// Jest Snapshot v1, https://goo.gl/fbAQLP

exports[`Show the Footer site Snapshots Matches the snapshot (with default params) 1`] = `
<footer
  className="partial footer"
>
  <p>
    This is the footer - 
    <a
      className="App-link"
      href="https://reactjs.org"
      rel="noopener noreferrer"
      target="_blank"
    >
      Learn React
    </a>
  </p>
</footer>
`;
